<html>
<body>
<pre>
<h1>µVision Build Log</h1>
<h2>Project:</h2>
E:\workspace\STM32\moto107_0.75\USER\test01.uvproj
Project File Date:  01/31/2015

<h2>Output:</h2>
Build target 'stm32f103_test'
compiling main.c...
main.c(30): warning:  #223-D: function "Dac1_Init" declared implicitly
main.c(31): warning:  #223-D: function "Dac2_Init" declared implicitly
compiling stm32f10x_it.c...
compiling system_stm32f10x.c...
compiling var_space.c...
compiling core_cm3.c...
compiling misc.c...
compiling stm32f10x_adc.c...
compiling stm32f10x_bkp.c...
compiling stm32f10x_can.c...
compiling stm32f10x_cec.c...
compiling stm32f10x_crc.c...
compiling stm32f10x_dac.c...
compiling stm32f10x_dbgmcu.c...
compiling stm32f10x_dma.c...
compiling stm32f10x_exti.c...
compiling stm32f10x_flash.c...
compiling stm32f10x_fsmc.c...
compiling stm32f10x_gpio.c...
compiling stm32f10x_i2c.c...
compiling stm32f10x_iwdg.c...
compiling stm32f10x_pwr.c...
compiling stm32f10x_rcc.c...
compiling stm32f10x_rtc.c...
compiling stm32f10x_sdio.c...
compiling stm32f10x_spi.c...
compiling stm32f10x_tim.c...
compiling stm32f10x_usart.c...
compiling stm32f10x_wwdg.c...
compiling timer.c...
..\HARDWARE\TIMER\timer.c(61): error:  #20: identifier "TIM5_IRQn" is undefined
compiling pwm.c...
compiling dac.c...
compiling adc.c...
compiling capture2.c...
compiling capture3re.c...
compiling led.c...
compiling sys.c...
compiling delay.c...
compiling usart2.c...
..\SYSTEM\usart\usart2.c(160): warning:  #186-D: pointless comparison of unsigned integer with zero
Target not created
Rebuild target 'stm32f103_test'
compiling main.c...
compiling stm32f10x_it.c...
compiling system_stm32f10x.c...
compiling var_space.c...
compiling core_cm3.c...
assembling startup_stm32f10x_md.s...
assembling startup_stm32f10x_cl.s...
compiling misc.c...
compiling stm32f10x_adc.c...
compiling stm32f10x_bkp.c...
compiling stm32f10x_can.c...
compiling stm32f10x_cec.c...
compiling stm32f10x_crc.c...
compiling stm32f10x_dac.c...
compiling stm32f10x_dbgmcu.c...
compiling stm32f10x_dma.c...
compiling stm32f10x_exti.c...
compiling stm32f10x_flash.c...
compiling stm32f10x_fsmc.c...
compiling stm32f10x_gpio.c...
compiling stm32f10x_i2c.c...
compiling stm32f10x_iwdg.c...
compiling stm32f10x_pwr.c...
compiling stm32f10x_rcc.c...
compiling stm32f10x_rtc.c...
compiling stm32f10x_sdio.c...
compiling stm32f10x_spi.c...
compiling stm32f10x_tim.c...
compiling stm32f10x_usart.c...
compiling stm32f10x_wwdg.c...
compiling timer.c...
..\HARDWARE\TIMER\timer.c(61): error:  #20: identifier "TIM5_IRQn" is undefined
compiling pwm.c...
compiling dac.c...
compiling adc.c...
compiling capture2.c...
compiling capture3re.c...
compiling led.c...
compiling sys.c...
compiling delay.c...
compiling usart2.c...
..\SYSTEM\usart\usart2.c(160): warning:  #186-D: pointless comparison of unsigned integer with zero
Target not created
Build target 'stm32f103_test'
compiling timer.c...
..\HARDWARE\TIMER\timer.c(61): error:  #20: identifier "TIM5_IRQn" is undefined
compiling usart2.c...
..\SYSTEM\usart\usart2.c(160): warning:  #186-D: pointless comparison of unsigned integer with zero
Target not created
Load "..\\OBJ\\test01.AXF" 
_____^
*** error 56: cannot open file
Build target 'stm32f103_test'
assembling startup_stm32f10x_xl.s...
compiling timer.c...
..\HARDWARE\TIMER\timer.c(61): error:  #20: identifier "TIM5_IRQn" is undefined
compiling usart2.c...
..\SYSTEM\usart\usart2.c(160): warning:  #186-D: pointless comparison of unsigned integer with zero
Target not created
Build target 'stm32f103_test'
compiling main.c...
compiling stm32f10x_it.c...
compiling system_stm32f10x.c...
compiling var_space.c...
compiling core_cm3.c...
compiling misc.c...
compiling stm32f10x_adc.c...
compiling stm32f10x_bkp.c...
compiling stm32f10x_can.c...
compiling stm32f10x_cec.c...
compiling stm32f10x_crc.c...
compiling stm32f10x_dac.c...
compiling stm32f10x_dbgmcu.c...
compiling stm32f10x_dma.c...
compiling stm32f10x_exti.c...
compiling stm32f10x_flash.c...
compiling stm32f10x_fsmc.c...
compiling stm32f10x_gpio.c...
compiling stm32f10x_i2c.c...
compiling stm32f10x_iwdg.c...
compiling stm32f10x_pwr.c...
compiling stm32f10x_rcc.c...
compiling stm32f10x_rtc.c...
compiling stm32f10x_sdio.c...
compiling stm32f10x_spi.c...
compiling stm32f10x_tim.c...
compiling stm32f10x_usart.c...
compiling stm32f10x_wwdg.c...
compiling timer.c...
compiling pwm.c...
compiling dac.c...
compiling adc.c...
compiling capture2.c...
compiling capture3re.c...
compiling led.c...
compiling sys.c...
compiling delay.c...
compiling usart2.c...
..\SYSTEM\usart\usart2.c(160): warning:  #186-D: pointless comparison of unsigned integer with zero
linking...
..\OBJ\test01.sct(7): error: L6235E: More than one section matches selector - cannot all be FIRST/LAST.
"..\OBJ\test01.axf" - 1 Error(s), 1 Warning(s).
Build target 'stm32f103_test'
linking...
Program Size: Code=12776 RO-data=368 RW-data=88 ZI-data=1664  
FromELF: creating hex file...
"..\OBJ\test01.axf" - 0 Error(s), 0 Warning(s).
Build target 'stm32f103_test'
linking...
Program Size: Code=12776 RO-data=368 RW-data=88 ZI-data=1664  
FromELF: creating hex file...
"..\OBJ\test01.axf" - 0 Error(s), 0 Warning(s).
Rebuild target 'stm32f103_test'
compiling main.c...
compiling stm32f10x_it.c...
compiling system_stm32f10x.c...
compiling var_space.c...
compiling core_cm3.c...
assembling startup_stm32f10x_cl.s...
compiling misc.c...
compiling stm32f10x_adc.c...
compiling stm32f10x_bkp.c...
compiling stm32f10x_can.c...
compiling stm32f10x_cec.c...
compiling stm32f10x_crc.c...
compiling stm32f10x_dac.c...
compiling stm32f10x_dbgmcu.c...
compiling stm32f10x_dma.c...
compiling stm32f10x_exti.c...
compiling stm32f10x_flash.c...
compiling stm32f10x_fsmc.c...
compiling stm32f10x_gpio.c...
compiling stm32f10x_i2c.c...
compiling stm32f10x_iwdg.c...
compiling stm32f10x_pwr.c...
compiling stm32f10x_rcc.c...
compiling stm32f10x_rtc.c...
compiling stm32f10x_sdio.c...
compiling stm32f10x_spi.c...
compiling stm32f10x_tim.c...
compiling stm32f10x_usart.c...
compiling stm32f10x_wwdg.c...
compiling timer.c...
compiling pwm.c...
compiling dac.c...
compiling adc.c...
compiling capture2.c...
compiling capture3re.c...
compiling led.c...
compiling sys.c...
compiling delay.c...
compiling usart2.c...
..\SYSTEM\usart\usart2.c(160): warning:  #186-D: pointless comparison of unsigned integer with zero
linking...
Program Size: Code=12776 RO-data=368 RW-data=88 ZI-data=1664  
FromELF: creating hex file...
"..\OBJ\test01.axf" - 0 Error(s), 1 Warning(s).
Build target 'stm32f103_test'
compiling usart2.c...
linking...
Program Size: Code=12776 RO-data=368 RW-data=88 ZI-data=1664  
FromELF: creating hex file...
"..\OBJ\test01.axf" - 0 Error(s), 0 Warning(s).
Build target 'stm32f103_test'
compiling usart2.c...
..\SYSTEM\usart\usart2.c(160): warning:  #514-D: pointless comparison of unsigned integer with a negative constant
linking...
Program Size: Code=12776 RO-data=368 RW-data=88 ZI-data=1664  
FromELF: creating hex file...
"..\OBJ\test01.axf" - 0 Error(s), 1 Warning(s).
Build target 'stm32f103_test'
compiling usart2.c...
linking...
Program Size: Code=12776 RO-data=368 RW-data=88 ZI-data=1664  
FromELF: creating hex file...
"..\OBJ\test01.axf" - 0 Error(s), 0 Warning(s).
Build target 'stm32f103_test'
compiling usart2.c...
..\SYSTEM\usart\usart2.c(160): warning:  #514-D: pointless comparison of unsigned integer with a negative constant
linking...
Program Size: Code=12780 RO-data=368 RW-data=88 ZI-data=1664  
FromELF: creating hex file...
"..\OBJ\test01.axf" - 0 Error(s), 1 Warning(s).
Build target 'stm32f103_test'
compiling usart2.c...
linking...
Program Size: Code=12776 RO-data=368 RW-data=88 ZI-data=1664  
FromELF: creating hex file...
"..\OBJ\test01.axf" - 0 Error(s), 0 Warning(s).
Build target 'stm32f103_test'
compiling usart2.c...
linking...
Program Size: Code=12784 RO-data=368 RW-data=88 ZI-data=1664  
FromELF: creating hex file...
"..\OBJ\test01.axf" - 0 Error(s), 0 Warning(s).
Rebuild target 'stm32f103_test'
compiling main.c...
compiling stm32f10x_it.c...
compiling system_stm32f10x.c...
compiling var_space.c...
compiling core_cm3.c...
assembling startup_stm32f10x_cl.s...
compiling misc.c...
compiling stm32f10x_adc.c...
compiling stm32f10x_bkp.c...
compiling stm32f10x_can.c...
compiling stm32f10x_cec.c...
compiling stm32f10x_crc.c...
compiling stm32f10x_dac.c...
compiling stm32f10x_dbgmcu.c...
compiling stm32f10x_dma.c...
compiling stm32f10x_exti.c...
compiling stm32f10x_flash.c...
compiling stm32f10x_fsmc.c...
compiling stm32f10x_gpio.c...
compiling stm32f10x_i2c.c...
compiling stm32f10x_iwdg.c...
compiling stm32f10x_pwr.c...
compiling stm32f10x_rcc.c...
compiling stm32f10x_rtc.c...
compiling stm32f10x_sdio.c...
compiling stm32f10x_spi.c...
compiling stm32f10x_tim.c...
compiling stm32f10x_usart.c...
compiling stm32f10x_wwdg.c...
compiling timer.c...
compiling pwm.c...
compiling dac.c...
compiling adc.c...
compiling capture2.c...
compiling capture3re.c...
compiling led.c...
compiling sys.c...
compiling delay.c...
compiling usart2.c...
linking...
Program Size: Code=12784 RO-data=368 RW-data=88 ZI-data=1664  
FromELF: creating hex file...
"..\OBJ\test01.axf" - 0 Error(s), 0 Warning(s).
