<html>
<body>
<pre>
<h1>礦ision Build Log</h1>
<h2>Project:</h2>
C:\Documents and Settings\Administrator\桌面\优劲STM32软件版本\moto107_0.83\moto107_0.85\USER\test01.uvproj
Project File Date:  03/27/2015

<h2>Output:</h2>
Build target 'stm32f103_test'
compiling main.c...
compiling usart2.c...
linking...
Program Size: Code=12716 RO-data=336 RW-data=156 ZI-data=1812  
FromELF: creating hex file...
"..\OBJ\test01.axf" - 0 Error(s), 0 Warning(s).
Build target 'stm32f103_test'
compiling main.c...
compiling stm32f10x_it.c...
compiling system_stm32f10x.c...
compiling var_space.c...
compiling core_cm3.c...
assembling startup_stm32f10x_hd.s...
compiling misc.c...
compiling stm32f10x_adc.c...
compiling stm32f10x_bkp.c...
compiling stm32f10x_can.c...
compiling stm32f10x_cec.c...
compiling stm32f10x_crc.c...
compiling stm32f10x_dac.c...
compiling stm32f10x_dbgmcu.c...
compiling stm32f10x_dma.c...
compiling stm32f10x_exti.c...
compiling stm32f10x_flash.c...
compiling stm32f10x_fsmc.c...
compiling stm32f10x_gpio.c...
compiling stm32f10x_i2c.c...
compiling stm32f10x_iwdg.c...
compiling stm32f10x_pwr.c...
compiling stm32f10x_rcc.c...
compiling stm32f10x_rtc.c...
compiling stm32f10x_sdio.c...
compiling stm32f10x_spi.c...
compiling stm32f10x_tim.c...
compiling stm32f10x_usart.c...
compiling stm32f10x_wwdg.c...
compiling timer.c...
compiling pwm.c...
compiling dac.c...
compiling adc.c...
compiling capture2.c...
compiling capture3re.c...
compiling led.c...
compiling ili9325.c...
compiling sys.c...
compiling delay.c...
compiling usart2.c...
linking...
Program Size: Code=12716 RO-data=336 RW-data=156 ZI-data=1812  
FromELF: creating hex file...
"..\OBJ\test01.axf" - 0 Error(s), 0 Warning(s).
Load "..\\OBJ\\test01.AXF" 
* JLink Info: Device "STM32F107VC" selected (256 KB flash, 20 KB RAM).
Set JLink Project File to "C:\Documents and Settings\Administrator\桌面\优劲STM32软件版本\moto107_0.83\moto107_0.85\USER\JLinkSettings.ini"
 
JLink info:
------------
DLL: V4.50l, compiled Jul  9 2012 15:02:49
Firmware: J-Link ARM V8 compiled Aug  1 2012 13:40:47
Hardware: V8.00
S/N : 304230680 
Feature(s) : RDI,FlashDL,FlashBP,JFlash,GDBFULL 
 
* JLink Info: TotalIRLen = 9, IRPrint = 0x0011
* JLink Info: TotalIRLen = 9, IRPrint = 0x0011
* JLink Info: Found Cortex-M3 r1p1, Little endian.
* JLink Info: TPIU fitted.
* JLink Info: ETM fitted.
* JLink Info: FPUnit: 6 code (BP) slots and 2 literal slots
* JLink Info: Found Cortex-M3 r1p1, Little endian.
* JLink Info: TPIU fitted.
* JLink Info: ETM fitted.
* JLink Info: FPUnit: 6 code (BP) slots and 2 literal slots
ROMTableAddr = 0xE00FF003
 
Target info:
------------
Device: STM32F107VC
VTarget = 3.338V
State of Pins: 
TCK: 1, TDI: 0, TDO: 0, TMS: 0, TRES: 1, TRST: 1
Hardware-Breakpoints: 6
Software-Breakpoints: 8192
Watchpoints:          4
JTAG speed: 3000 kHz
 
Full Chip Erase Done.
Programming Done.
Verify OK.
* JLink Info: Found Cortex-M3 r1p1, Little endian.
* JLink Info: TPIU fitted.
* JLink Info: ETM fitted.
* JLink Info: FPUnit: 6 code (BP) slots and 2 literal slots
Application running ...
Build target 'stm32f103_test'
compiling usart2.c...
linking...
Program Size: Code=12712 RO-data=336 RW-data=156 ZI-data=1812  
FromELF: creating hex file...
"..\OBJ\test01.axf" - 0 Error(s), 0 Warning(s).
Build target 'stm32f103_test'
compiling main.c...
linking...
Program Size: Code=12712 RO-data=336 RW-data=156 ZI-data=1812  
FromELF: creating hex file...
"..\OBJ\test01.axf" - 0 Error(s), 0 Warning(s).
Load "..\\OBJ\\test01.AXF" 
* JLink Info: Device "STM32F107VC" selected (256 KB flash, 20 KB RAM).
Set JLink Project File to "C:\Documents and Settings\Administrator\桌面\优劲STM32软件版本\moto107_0.83\moto107_0.85\USER\JLinkSettings.ini"
 
JLink info:
------------
DLL: V4.50l, compiled Jul  9 2012 15:02:49
Firmware: J-Link ARM V8 compiled Aug  1 2012 13:40:47
Hardware: V8.00
S/N : 304230680 
Feature(s) : RDI,FlashDL,FlashBP,JFlash,GDBFULL 
 
* JLink Info: TotalIRLen = 9, IRPrint = 0x0011
* JLink Info: TotalIRLen = 9, IRPrint = 0x0011
* JLink Info: Found Cortex-M3 r1p1, Little endian.
* JLink Info: TPIU fitted.
* JLink Info: ETM fitted.
* JLink Info: FPUnit: 6 code (BP) slots and 2 literal slots
* JLink Info: Found Cortex-M3 r1p1, Little endian.
* JLink Info: TPIU fitted.
* JLink Info: ETM fitted.
* JLink Info: FPUnit: 6 code (BP) slots and 2 literal slots
ROMTableAddr = 0xE00FF003
 
Target info:
------------
Device: STM32F107VC
VTarget = 3.338V
State of Pins: 
TCK: 1, TDI: 0, TDO: 0, TMS: 0, TRES: 1, TRST: 1
Hardware-Breakpoints: 6
Software-Breakpoints: 8192
Watchpoints:          4
JTAG speed: 3000 kHz
 
Full Chip Erase Done.
Programming Done.
Verify OK.
* JLink Info: Found Cortex-M3 r1p1, Little endian.
* JLink Info: TPIU fitted.
* JLink Info: ETM fitted.
* JLink Info: FPUnit: 6 code (BP) slots and 2 literal slots
Application running ...
Build target 'stm32f103_test'
compiling usart2.c...
linking...
Program Size: Code=12716 RO-data=336 RW-data=156 ZI-data=1812  
FromELF: creating hex file...
"..\OBJ\test01.axf" - 0 Error(s), 0 Warning(s).
Load "..\\OBJ\\test01.AXF" 
* JLink Info: Device "STM32F107VC" selected (256 KB flash, 20 KB RAM).
Set JLink Project File to "C:\Documents and Settings\Administrator\桌面\优劲STM32软件版本\moto107_0.83\moto107_0.85\USER\JLinkSettings.ini"
 
JLink info:
------------
DLL: V4.50l, compiled Jul  9 2012 15:02:49
Firmware: J-Link ARM V8 compiled Aug  1 2012 13:40:47
Hardware: V8.00
S/N : 304230680 
Feature(s) : RDI,FlashDL,FlashBP,JFlash,GDBFULL 
 
* JLink Info: TotalIRLen = 9, IRPrint = 0x0011
* JLink Info: TotalIRLen = 9, IRPrint = 0x0011
* JLink Info: Found Cortex-M3 r1p1, Little endian.
* JLink Info: TPIU fitted.
* JLink Info: ETM fitted.
* JLink Info: FPUnit: 6 code (BP) slots and 2 literal slots
* JLink Info: Found Cortex-M3 r1p1, Little endian.
* JLink Info: TPIU fitted.
* JLink Info: ETM fitted.
* JLink Info: FPUnit: 6 code (BP) slots and 2 literal slots
ROMTableAddr = 0xE00FF003
 
Target info:
------------
Device: STM32F107VC
VTarget = 3.338V
State of Pins: 
TCK: 1, TDI: 0, TDO: 0, TMS: 0, TRES: 1, TRST: 1
Hardware-Breakpoints: 6
Software-Breakpoints: 8192
Watchpoints:          4
JTAG speed: 3000 kHz
 
Full Chip Erase Done.
Programming Done.
Verify OK.
* JLink Info: Found Cortex-M3 r1p1, Little endian.
* JLink Info: TPIU fitted.
* JLink Info: ETM fitted.
* JLink Info: FPUnit: 6 code (BP) slots and 2 literal slots
Application running ...
Load "..\\OBJ\\test01.AXF" 
* JLink Info: Device "STM32F107VC" selected (256 KB flash, 20 KB RAM).
Set JLink Project File to "C:\Documents and Settings\Administrator\桌面\优劲STM32软件版本\moto107_0.83\moto107_0.85\USER\JLinkSettings.ini"
 
JLink info:
------------
DLL: V4.50l, compiled Jul  9 2012 15:02:49
Firmware: J-Link ARM V8 compiled Aug  1 2012 13:40:47
Hardware: V8.00
S/N : 304230680 
Feature(s) : RDI,FlashDL,FlashBP,JFlash,GDBFULL 
 
* JLink Info: TotalIRLen = 9, IRPrint = 0x0011
* JLink Info: TotalIRLen = 9, IRPrint = 0x0011
* JLink Info: Found Cortex-M3 r1p1, Little endian.
* JLink Info: TPIU fitted.
* JLink Info: ETM fitted.
* JLink Info: FPUnit: 6 code (BP) slots and 2 literal slots
* JLink Info: Found Cortex-M3 r1p1, Little endian.
* JLink Info: TPIU fitted.
* JLink Info: ETM fitted.
* JLink Info: FPUnit: 6 code (BP) slots and 2 literal slots
ROMTableAddr = 0xE00FF003
 
Target info:
------------
Device: STM32F107VC
VTarget = 3.364V
State of Pins: 
TCK: 1, TDI: 0, TDO: 0, TMS: 0, TRES: 1, TRST: 1
Hardware-Breakpoints: 6
Software-Breakpoints: 8192
Watchpoints:          4
JTAG speed: 3000 kHz
 
Full Chip Erase Done.
Programming Done.
Verify OK.
* JLink Info: Found Cortex-M3 r1p1, Little endian.
* JLink Info: TPIU fitted.
* JLink Info: ETM fitted.
* JLink Info: FPUnit: 6 code (BP) slots and 2 literal slots
Application running ...
Load "..\\OBJ\\test01.AXF" 
* JLink Info: Device "STM32F107VC" selected (256 KB flash, 20 KB RAM).
Set JLink Project File to "C:\Documents and Settings\Administrator\桌面\优劲STM32软件版本\moto107_0.83\moto107_0.85\USER\JLinkSettings.ini"
 
JLink info:
------------
DLL: V4.50l, compiled Jul  9 2012 15:02:49
Firmware: J-Link ARM V8 compiled Aug  1 2012 13:40:47
Hardware: V8.00
S/N : 304230680 
Feature(s) : RDI,FlashDL,FlashBP,JFlash,GDBFULL 
 
* JLink Info: TotalIRLen = 9, IRPrint = 0x0011
* JLink Info: TotalIRLen = 9, IRPrint = 0x0011
* JLink Info: Found Cortex-M3 r1p1, Little endian.
* JLink Info: TPIU fitted.
* JLink Info: ETM fitted.
* JLink Info: FPUnit: 6 code (BP) slots and 2 literal slots
* JLink Info: Found Cortex-M3 r1p1, Little endian.
* JLink Info: TPIU fitted.
* JLink Info: ETM fitted.
* JLink Info: FPUnit: 6 code (BP) slots and 2 literal slots
ROMTableAddr = 0xE00FF003
 
Target info:
------------
Device: STM32F107VC
VTarget = 3.358V
State of Pins: 
TCK: 1, TDI: 0, TDO: 0, TMS: 0, TRES: 1, TRST: 1
Hardware-Breakpoints: 6
Software-Breakpoints: 8192
Watchpoints:          4
JTAG speed: 3000 kHz
 
Full Chip Erase Done.
Programming Done.
Verify OK.
* JLink Info: Found Cortex-M3 r1p1, Little endian.
* JLink Info: TPIU fitted.
* JLink Info: ETM fitted.
* JLink Info: FPUnit: 6 code (BP) slots and 2 literal slots
Application running ...
