<html>
<body>
<pre>
<h1>µVision Build Log</h1>
<h2>Project:</h2>
E:\workspace\STM32\stm32f103_test\USER\test01.uvproj
Project File Date:  01/13/2015

<h2>Output:</h2>
Build target 'stm32f103_test'
assembling startup_stm32f10x_md.s...
startup_stm32f10x_md.s: error: A1023E: File "startup_stm32f10x_md.s" could not be opened: No such file or directory
Target not created
compiling main.c...
main.c(9): error:  #5: cannot open source input file "stm32f10x_lib.h": No such file or directory
main.c - 1 Error(s), 0 Warning(s).
compiling main.c...
main.c(5): warning:  #1-D: last line of file ends without a newline
main.c - 0 Error(s), 1 Warning(s).
Build target 'stm32f103_test'
assembling startup_stm32f10x_md.s...
startup_stm32f10x_md.s: error: A1023E: File "startup_stm32f10x_md.s" could not be opened: No such file or directory
Target not created
Build target 'stm32f103_test'
assembling startup_stm32f10x_md.s...
startup_stm32f10x_md.s: error: A1023E: File "startup_stm32f10x_md.s" could not be opened: No such file or directory
Target not created
Build target 'stm32f103_test'
assembling startup_stm32f10x_md.s...
startup_stm32f10x_md.s: error: A1023E: File "startup_stm32f10x_md.s" could not be opened: No such file or directory
Target not created
Build target 'stm32f103_test'
assembling startup_stm32f10x_md.s...
startup_stm32f10x_md.s: error: A1023E: File "startup_stm32f10x_md.s" could not be opened: No such file or directory
Target not created
Build target 'stm32f103_test'
assembling startup_stm32f10x_md.s...
startup_stm32f10x_md.s: error: A1023E: File "startup_stm32f10x_md.s" could not be opened: No such file or directory
Target not created
Rebuild target 'stm32f103_test'
assembling startup_stm32f10x_md.s...
startup_stm32f10x_md.s: error: A1023E: File "startup_stm32f10x_md.s" could not be opened: No such file or directory
Target not created
Rebuild target 'stm32f103_test'
assembling startup_stm32f10x_md.s...
startup_stm32f10x_md.s: error: A1023E: File "startup_stm32f10x_md.s" could not be opened: No such file or directory
Target not created
Rebuild target 'stm32f103_test'
assembling startup_stm32f10x_md.s...
startup_stm32f10x_md.s: error: A1023E: File "startup_stm32f10x_md.s" could not be opened: No such file or directory
Target not created
Rebuild target 'stm32f103_test'
compiling main.c...
main.c(10): warning:  #1-D: last line of file ends without a newline
compiling stm32f10x_it.c...
compiling system_stm32f10x.c...
compiling core_cm3.c...
assembling startup_stm32f10x_md.s...
compiling misc.c...
compiling stm32f10x_adc.c...
compiling stm32f10x_bkp.c...
compiling stm32f10x_can.c...
compiling stm32f10x_cec.c...
compiling stm32f10x_crc.c...
compiling stm32f10x_dac.c...
compiling stm32f10x_dbgmcu.c...
compiling stm32f10x_dma.c...
compiling stm32f10x_exti.c...
compiling stm32f10x_flash.c...
compiling stm32f10x_fsmc.c...
compiling stm32f10x_gpio.c...
compiling stm32f10x_i2c.c...
compiling stm32f10x_iwdg.c...
compiling stm32f10x_pwr.c...
compiling stm32f10x_rcc.c...
compiling stm32f10x_rtc.c...
compiling stm32f10x_sdio.c...
compiling stm32f10x_spi.c...
compiling stm32f10x_tim.c...
compiling stm32f10x_usart.c...
compiling stm32f10x_wwdg.c...
linking...
Program Size: Code=340 RO-data=252 RW-data=0 ZI-data=1632  
"..\OBJ\test01.axf" - 0 Error(s), 1 Warning(s).
